Test and build debug APK	Run unit tests	﻿2026-08-18T18:11:35.9015878Z ##[group]Run ./gradlew testDebugUnitTest --stacktrace
Test and build debug APK	Run unit tests	2026-08-18T18:11:35.9016333Z ^[[36;1m./gradlew testDebugUnitTest --stacktrace^[[0m
Test and build debug APK	Run unit tests	2026-08-18T18:11:35.9054191Z shell: /usr/bin/bash -e {0}
Test and build debug APK	Run unit tests	2026-08-18T18:11:35.9054470Z env:
Test and build debug APK	Run unit tests	2026-08-18T18:11:35.9054786Z   JAVA_HOME: /opt/hostedtoolcache/Java_Temurin-Hotspot_jdk/17.0.20-8/x64
Test and build debug APK	Run unit tests	2026-08-18T18:11:35.9055354Z   JAVA_HOME_17_X64: /opt/hostedtoolcache/Java_Temurin-Hotspot_jdk/17.0.20-8/x64
Test and build debug APK	Run unit tests	2026-08-18T18:11:35.9055777Z   MAVEN_ARGS: -ntp
Test and build debug APK	Run unit tests	2026-08-18T18:11:35.9055994Z ##[endgroup]
Test and build debug APK	Run unit tests	2026-08-18T18:11:37.5131102Z 
Test and build debug APK	Run unit tests	2026-08-18T18:11:37.5132631Z Welcome to Gradle 9.5.0!
Test and build debug APK	Run unit tests	2026-08-18T18:11:37.5133466Z 
Test and build debug APK	Run unit tests	2026-08-18T18:11:37.5150833Z Here are the highlights of this release:
Test and build debug APK	Run unit tests	2026-08-18T18:11:37.5151795Z  - Task provenance in reports and failure messages
Test and build debug APK	Run unit tests	2026-08-18T18:11:37.5152891Z  - Type-safe accessors for precompiled Kotlin Settings plugins
Test and build debug APK	Run unit tests	2026-08-18T18:11:37.5153671Z 
Test and build debug APK	Run unit tests	2026-08-18T18:11:37.5154326Z For more details see https://docs.gradle.org/9.5.0/release-notes.html
Test and build debug APK	Run unit tests	2026-08-18T18:11:37.5155195Z 
Test and build debug APK	Run unit tests	2026-08-18T18:11:37.8055671Z Starting a Gradle Daemon (subsequent builds will be faster)
Test and build debug APK	Run unit tests	2026-08-18T18:11:41.7063122Z Calculating task graph as no cached configuration is available for tasks: testDebugUnitTest
Test and build debug APK	Run unit tests	2026-08-18T18:13:32.5062041Z > Task :app:preBuild UP-TO-DATE
Test and build debug APK	Run unit tests	2026-08-18T18:13:32.5112461Z > Task :app:preDebugBuild UP-TO-DATE
Test and build debug APK	Run unit tests	2026-08-18T18:13:32.7074900Z > Task :app:generateDebugResources
Test and build debug APK	Run unit tests	2026-08-18T18:13:32.7084134Z > Task :app:generateDebugBuildConfig
Test and build debug APK	Run unit tests	2026-08-18T18:13:32.9048765Z > Task :app:packageDebugResources
Test and build debug APK	Run unit tests	2026-08-18T18:13:36.7081006Z > Task :app:javaPreCompileDebug
Test and build debug APK	Run unit tests	2026-08-18T18:13:37.8048805Z > Task :app:processDebugNavigationResources
Test and build debug APK	Run unit tests	2026-08-18T18:13:39.1070834Z > Task :app:checkDebugAarMetadata
Test and build debug APK	Run unit tests	2026-08-18T18:13:39.1110625Z > Task :app:mapDebugSourceSetPaths
Test and build debug APK	Run unit tests	2026-08-18T18:13:39.4058202Z > Task :app:compileDebugNavigationResources
Test and build debug APK	Run unit tests	2026-08-18T18:13:39.7049022Z > Task :app:parseDebugLocalResources
Test and build debug APK	Run unit tests	2026-08-18T18:13:39.8080908Z > Task :app:generateDebugRFile
Test and build debug APK	Run unit tests	2026-08-18T18:13:43.6070962Z > Task :app:mergeDebugResources
Test and build debug APK	Run unit tests	2026-08-18T18:13:43.7071850Z > Task :app:createDebugCompatibleScreenManifests
Test and build debug APK	Run unit tests	2026-08-18T18:13:43.7091815Z > Task :app:extractDeepLinksDebug
Test and build debug APK	Run unit tests	2026-08-18T18:13:44.7050950Z > Task :app:processDebugMainManifest
Test and build debug APK	Run unit tests	2026-08-18T18:13:45.0060824Z > Task :app:processDebugManifest
Test and build debug APK	Run unit tests	2026-08-18T18:13:46.5066791Z > Task :app:processDebugManifestForPackage
Test and build debug APK	Run unit tests	2026-08-18T18:13:51.3061091Z > Task :app:processDebugResources
Test and build debug APK	Run unit tests	2026-08-18T18:13:51.3080997Z > Task :app:preDebugUnitTestBuild UP-TO-DATE
Test and build debug APK	Run unit tests	2026-08-18T18:13:51.3090436Z > Task :app:javaPreCompileDebugUnitTest
Test and build debug APK	Run unit tests	2026-08-18T18:14:08.4053894Z > Task :app:kspDebugKotlin
Test and build debug APK	Run unit tests	2026-08-18T18:14:38.4049710Z > Task :app:compileDebugKotlin
Test and build debug APK	Run unit tests	2026-08-18T18:15:33.4060237Z w: file:///home/runner/work/AnimeVault/AnimeVault/app/src/main/java/com/sergey/animevault/ui/online/OnlineCatalogScreen.kt:186:93 'val Icons.Outlined.ViewList: ImageVector' is deprecated. Use the AutoMirrored version at Icons.AutoMirrored.Outlined.ViewList.
Test and build debug APK	Run unit tests	2026-08-18T18:15:33.4102992Z w: file:///home/runner/work/AnimeVault/AnimeVault/app/src/main/java/com/sergey/animevault/ui/player/OnlinePlayerScreen.kt:570:43 'val Icons.Outlined.PlaylistPlay: ImageVector' is deprecated. Use the AutoMirrored version at Icons.AutoMirrored.Outlined.PlaylistPlay.
Test and build debug APK	Run unit tests	2026-08-18T18:15:33.4111889Z w: file:///home/runner/work/AnimeVault/AnimeVault/app/src/main/java/com/sergey/animevault/ui/settings/SettingsScreen.kt:788:49 'val Icons.Outlined.OpenInNew: ImageVector' is deprecated. Use the AutoMirrored version at Icons.AutoMirrored.Outlined.OpenInNew.
Test and build debug APK	Run unit tests	2026-08-18T18:15:33.4115426Z w: file:///home/runner/work/AnimeVault/AnimeVault/app/src/main/java/com/sergey/animevault/ui/title/TitleDetailScreen.kt:225:55 'val Icons.Outlined.MergeType: ImageVector' is deprecated. Use the AutoMirrored version at Icons.AutoMirrored.Outlined.MergeType.
Test and build debug APK	Run unit tests	2026-08-18T18:15:36.1054362Z 
Test and build debug APK	Run unit tests	2026-08-18T18:15:36.1070891Z > Task :app:processDebugJavaRes
Test and build debug APK	Run unit tests	2026-08-18T18:15:49.9061283Z > Task :app:compileDebugJavaWithJavac
Test and build debug APK	Run unit tests	2026-08-18T18:15:50.0069036Z > Task :app:bundleDebugClassesToCompileJar
Test and build debug APK	Run unit tests	2026-08-18T18:15:50.1060962Z > Task :app:bundleDebugClassesToRuntimeJar
Test and build debug APK	Run unit tests	2026-08-18T18:15:50.7077157Z > Task :app:kspDebugUnitTestKotlin
Test and build debug APK	Run unit tests	2026-08-18T18:15:57.5245886Z > Task :app:compileDebugUnitTestKotlin
Test and build debug APK	Run unit tests	2026-08-18T18:15:57.5270694Z > Task :app:compileDebugUnitTestJavaWithJavac NO-SOURCE
Test and build debug APK	Run unit tests	2026-08-18T18:15:57.6163013Z > Task :app:processDebugUnitTestJavaRes
Test and build debug APK	Run unit tests	2026-08-18T18:16:05.9050967Z 
Test and build debug APK	Run unit tests	2026-08-18T18:16:05.9091034Z > Task :app:testDebugUnitTest
Test and build debug APK	Run unit tests	2026-08-18T18:16:05.9110277Z 
Test and build debug APK	Run unit tests	2026-08-18T18:16:05.9111125Z PlaybackCoreTest > completionPolicy_preservesShippedNinetyTwoPercentThreshold FAILED
Test and build debug APK	Run unit tests	2026-08-18T18:16:05.9129135Z     com.google.common.truth.AssertionErrorWithFacts at PlaybackCoreTest.kt:19
Test and build debug APK	Run unit tests	2026-08-18T18:16:06.0076453Z 
Test and build debug APK	Run unit tests	2026-08-18T18:16:06.0101439Z OnlinePreferredStreamTest > keepsOriginalOrderWhenNoPreferenceExists FAILED
Test and build debug APK	Run unit tests	2026-08-18T18:16:06.0110984Z     com.google.common.truth.Platform$ComparisonFailureWithFacts at OnlinePreferredStreamTest.kt:21
Test and build debug APK	Run unit tests	2026-08-18T18:16:06.4052611Z 
Test and build debug APK	Run unit tests	2026-08-18T18:16:06.4072151Z 188 tests completed, 2 failed
Test and build debug APK	Run unit tests	2026-08-18T18:16:06.6048251Z 
Test and build debug APK	Run unit tests	2026-08-18T18:16:06.6070958Z > Task :app:testDebugUnitTest FAILED
Test and build debug APK	Run unit tests	2026-08-18T18:16:06.7050867Z 
Test and build debug APK	Run unit tests	2026-08-18T18:16:06.7061984Z [Incubating] Problems report is available at: file:///home/runner/work/AnimeVault/AnimeVault/build/reports/problems/problems-report.html
Test and build debug APK	Run unit tests	2026-08-18T18:16:06.7072229Z 
Test and build debug APK	Run unit tests	2026-08-18T18:16:06.7072869Z FAILURE: Build failed with an exception.
Test and build debug APK	Run unit tests	2026-08-18T18:16:06.7073515Z 
Test and build debug APK	Run unit tests	2026-08-18T18:16:06.7073887Z * What went wrong:
Test and build debug APK	Run unit tests	2026-08-18T18:16:06.7074611Z Execution failed for task ':app:testDebugUnitTest'.
Test and build debug APK	Run unit tests	2026-08-18T18:16:06.7076075Z > There were failing tests. See the report at: file:///home/runner/work/AnimeVault/AnimeVault/app/build/reports/tests/testDebugUnitTest/index.html
Test and build debug APK	Run unit tests	2026-08-18T18:16:06.7119129Z 
Test and build debug APK	Run unit tests	2026-08-18T18:16:06.7172608Z * Try:
Test and build debug APK	Run unit tests	2026-08-18T18:16:06.7216117Z > Run with --scan to get full insights from a Build Scan (powered by Develocity).
Test and build debug APK	Run unit tests	2026-08-18T18:16:06.7230704Z 28 actionable tasks: 28 executed
Test and build debug APK	Run unit tests	2026-08-18T18:16:06.7250352Z 
Test and build debug APK	Run unit tests	2026-08-18T18:16:06.7268470Z * Exception is:
Test and build debug APK	Run unit tests	2026-08-18T18:16:06.7290861Z org.gradle.api.tasks.TaskExecutionException: Execution failed for task ':app:testDebugUnitTest'.
Test and build debug APK	Run unit tests	2026-08-18T18:16:06.7292649Z 	at org.gradle.api.internal.tasks.execution.ExecuteActionsTaskExecuter.lambda$executeIfValid$1(ExecuteActionsTaskExecuter.java:135)
Test and build debug APK	Run unit tests	2026-08-18T18:16:06.7310783Z 	at org.gradle.internal.Try$Failure.ifSuccessfulOrElse(Try.java:288)
Test and build debug APK	Run unit tests	2026-08-18T18:16:06.7331444Z 	at org.gradle.api.internal.tasks.execution.ExecuteActionsTaskExecuter.executeIfValid(ExecuteActionsTaskExecuter.java:133)
Test and build debug APK	Run unit tests	2026-08-18T18:16:06.7351010Z 	at org.gradle.api.internal.tasks.execution.ExecuteActionsTaskExecuter.execute(ExecuteActionsTaskExecuter.java:121)
Test and build debug APK	Run unit tests	2026-08-18T18:16:06.7370165Z 	at org.gradle.api.internal.tasks.execution.ProblemsTaskPathTrackingTaskExecuter.execute(ProblemsTaskPathTrackingTaskExecuter.java:41)
Test and build debug APK	Run unit tests	2026-08-18T18:16:06.7374058Z 	at org.gradle.api.internal.tasks.execution.ResolveTaskExecutionModeExecuter.execute(ResolveTaskExecutionModeExecuter.java:51)
Test and build debug APK	Run unit tests	2026-08-18T18:16:06.7381238Z 	at org.gradle.api.internal.tasks.execution.FinalizePropertiesTaskExecuter.execute(FinalizePropertiesTaskExecuter.java:46)
Test and build debug APK	Run unit tests	2026-08-18T18:16:06.7383399Z 	at org.gradle.api.internal.tasks.execution.SkipTaskWithNoActionsExecuter.execute(SkipTaskWithNoActionsExecuter.java:57)
Test and build debug APK	Run unit tests	2026-08-18T18:16:06.7385234Z 	at org.gradle.api.internal.tasks.execution.SkipOnlyIfTaskExecuter.execute(SkipOnlyIfTaskExecuter.java:74)
Test and build debug APK	Run unit tests	2026-08-18T18:16:06.7386897Z 	at org.gradle.api.internal.tasks.execution.CatchExceptionTaskExecuter.execute(CatchExceptionTaskExecuter.java:36)
Test and build debug APK	Run unit tests	2026-08-18T18:16:06.7388865Z 	at org.gradle.api.internal.tasks.execution.EventFiringTaskExecuter$1.executeTask(EventFiringTaskExecuter.java:77)
Test and build debug APK	Run unit tests	2026-08-18T18:16:06.7390928Z 	at org.gradle.api.internal.tasks.execution.EventFiringTaskExecuter$1.call(EventFiringTaskExecuter.java:55)
Test and build debug APK	Run unit tests	2026-08-18T18:16:06.7392743Z 	at org.gradle.api.internal.tasks.execution.EventFiringTaskExecuter$1.call(EventFiringTaskExecuter.java:52)
Test and build debug APK	Run unit tests	2026-08-18T18:16:06.7395040Z 	at org.gradle.internal.operations.DefaultBuildOperationRunner$CallableBuildOperationWorker.execute(DefaultBuildOperationRunner.java:210)
Test and build debug APK	Run unit tests	2026-08-18T18:16:06.7397166Z 	at org.gradle.internal.operations.DefaultBuildOperationRunner$CallableBuildOperationWorker.execute(DefaultBuildOperationRunner.java:205)
Test and build debug APK	Run unit tests	2026-08-18T18:16:06.7398930Z 	at org.gradle.internal.operations.DefaultBuildOperationRunner$2.execute(DefaultBuildOperationRunner.java:67)
Test and build debug APK	Run unit tests	2026-08-18T18:16:06.7400884Z 	at org.gradle.internal.operations.DefaultBuildOperationRunner$2.execute(DefaultBuildOperationRunner.java:60)
Test and build debug APK	Run unit tests	2026-08-18T18:16:06.7402583Z 	at org.gradle.internal.operations.DefaultBuildOperationRunner.execute(DefaultBuildOperationRunner.java:167)
Test and build debug APK	Run unit tests	2026-08-18T18:16:06.7404086Z 	at org.gradle.internal.operations.DefaultBuildOperationRunner.execute(DefaultBuildOperationRunner.java:60)
Test and build debug APK	Run unit tests	2026-08-18T18:16:06.7405537Z 	at org.gradle.internal.operations.DefaultBuildOperationRunner.call(DefaultBuildOperationRunner.java:54)
Test and build debug APK	Run unit tests	2026-08-18T18:16:06.7406945Z 	at org.gradle.api.internal.tasks.execution.EventFiringTaskExecuter.execute(EventFiringTaskExecuter.java:52)
Test and build debug APK	Run unit tests	2026-08-18T18:16:06.7408336Z 	at org.gradle.execution.plan.DefaultNodeExecutor.executeLocalTaskNode(DefaultNodeExecutor.java:55)
Test and build debug APK	Run unit tests	2026-08-18T18:16:06.7409539Z 	at org.gradle.execution.plan.DefaultNodeExecutor.execute(DefaultNodeExecutor.java:34)
Test and build debug APK	Run unit tests	2026-08-18T18:16:06.7411468Z 	at org.gradle.execution.taskgraph.DefaultTaskExecutionGraph$InvokeNodeExecutorsAction.execute(DefaultTaskExecutionGraph.java:355)
Test and build debug APK	Run unit tests	2026-08-18T18:16:06.7413521Z 	at org.gradle.execution.taskgraph.DefaultTaskExecutionGraph$InvokeNodeExecutorsAction.execute(DefaultTaskExecutionGraph.java:343)
Test and build debug APK	Run unit tests	2026-08-18T18:16:06.7415734Z 	at org.gradle.execution.taskgraph.DefaultTaskExecutionGraph$BuildOperationAwareExecutionAction.lambda$execute$0(DefaultTaskExecutionGraph.java:339)
Test and build debug APK	Run unit tests	2026-08-18T18:16:06.7417736Z 	at org.gradle.internal.operations.CurrentBuildOperationRef.with(CurrentBuildOperationRef.java:84)
Test and build debug APK	Run unit tests	2026-08-18T18:16:06.7419655Z 	at org.gradle.execution.taskgraph.DefaultTaskExecutionGraph$BuildOperationAwareExecutionAction.execute(DefaultTaskExecutionGraph.java:339)
Test and build debug APK	Run unit tests	2026-08-18T18:16:06.7422116Z 	at org.gradle.execution.taskgraph.DefaultTaskExecutionGraph$BuildOperationAwareExecutionAction.execute(DefaultTaskExecutionGraph.java:328)
Test and build debug APK	Run unit tests	2026-08-18T18:16:06.7424068Z 	at org.gradle.execution.plan.DefaultPlanExecutor$ExecutorWorker.execute(DefaultPlanExecutor.java:459)
Test and build debug APK	Run unit tests	2026-08-18T18:16:06.7497286Z 	at org.gradle.execution.plan.DefaultPlanExecutor$ExecutorWorker.run(DefaultPlanExecutor.java:376)
Test and build debug APK	Run unit tests	2026-08-18T18:16:06.7522529Z 	at org.gradle.execution.plan.DefaultPlanExecutor.process(DefaultPlanExecutor.java:111)
Test and build debug APK	Run unit tests	2026-08-18T18:16:06.7524238Z 	at org.gradle.execution.taskgraph.DefaultTaskExecutionGraph.executeWithServices(DefaultTaskExecutionGraph.java:146)
Test and build debug APK	Run unit tests	2026-08-18T18:16:06.7526083Z 	at org.gradle.execution.taskgraph.DefaultTaskExecutionGraph.execute(DefaultTaskExecutionGraph.java:131)
Test and build debug APK	Run unit tests	2026-08-18T18:16:06.7528084Z 	at org.gradle.execution.SelectedTaskExecutionAction.execute(SelectedTaskExecutionAction.java:35)
Test and build debug APK	Run unit tests	2026-08-18T18:16:06.7530237Z 	at org.gradle.execution.BuildOperationFiringBuildWorkerExecutor$ExecuteTasks.call(BuildOperationFiringBuildWorkerExecutor.java:54)
Test and build debug APK	Run unit tests	2026-08-18T18:16:06.7532634Z 	at org.gradle.execution.BuildOperationFiringBuildWorkerExecutor$ExecuteTasks.call(BuildOperationFiringBuildWorkerExecutor.java:43)
Test and build debug APK	Run unit tests	2026-08-18T18:16:06.7535213Z 	at org.gradle.internal.operations.DefaultBuildOperationRunner$CallableBuildOperationWorker.execute(DefaultBuildOperationRunner.java:210)
Test and build debug APK	Run unit tests	2026-08-18T18:16:06.7537460Z 	at org.gradle.internal.operations.DefaultBuildOperationRunner$CallableBuildOperationWorker.execute(DefaultBuildOperationRunner.java:205)
Test and build debug APK	Run unit tests	2026-08-18T18:16:06.7539522Z 	at org.gradle.internal.operations.DefaultBuildOperationRunner$2.execute(DefaultBuildOperationRunner.java:67)
Test and build debug APK	Run unit tests	2026-08-18T18:16:06.7541725Z 	at org.gradle.internal.operations.DefaultBuildOperationRunner$2.execute(DefaultBuildOperationRunner.java:60)
Test and build debug APK	Run unit tests	2026-08-18T18:16:06.7543787Z 	at org.gradle.internal.operations.DefaultBuildOperationRunner.execute(DefaultBuildOperationRunner.java:167)
Test and build debug APK	Run unit tests	2026-08-18T18:16:06.7545576Z 	at org.gradle.internal.operations.DefaultBuildOperationRunner.execute(DefaultBuildOperationRunner.java:60)
Test and build debug APK	Run unit tests	2026-08-18T18:16:06.7547362Z 	at org.gradle.internal.operations.DefaultBuildOperationRunner.call(DefaultBuildOperationRunner.java:54)
Test and build debug APK	Run unit tests	2026-08-18T18:16:06.7549337Z 	at org.gradle.execution.BuildOperationFiringBuildWorkerExecutor.execute(BuildOperationFiringBuildWorkerExecutor.java:40)
Test and build debug APK	Run unit tests	2026-08-18T18:16:06.7551634Z 	at org.gradle.internal.build.DefaultBuildLifecycleController.lambda$executeTasks$11(DefaultBuildLifecycleController.java:323)
Test and build debug APK	Run unit tests	2026-08-18T18:16:06.7553545Z 	at org.gradle.internal.model.StateTransitionController.doTransition(StateTransitionController.java:304)
Test and build debug APK	Run unit tests	2026-08-18T18:16:06.7555326Z 	at org.gradle.internal.model.StateTransitionController.lambda$tryTransition$9(StateTransitionController.java:215)
Test and build debug APK	Run unit tests	2026-08-18T18:16:06.7556963Z 	at org.gradle.internal.work.DefaultSynchronizer.withLock(DefaultSynchronizer.java:45)
Test and build debug APK	Run unit tests	2026-08-18T18:16:06.7558521Z 	at org.gradle.internal.model.StateTransitionController.tryTransition(StateTransitionController.java:215)
Test and build debug APK	Run unit tests	2026-08-18T18:16:06.7560520Z 	at org.gradle.internal.build.DefaultBuildLifecycleController.executeTasks(DefaultBuildLifecycleController.java:314)
Test and build debug APK	Run unit tests	2026-08-18T18:16:06.7562498Z 	at org.gradle.internal.build.DefaultBuildWorkGraphController$DefaultBuildWorkGraph.runWork(DefaultBuildWorkGraphController.java:220)
Test and build debug APK	Run unit tests	2026-08-18T18:16:06.7564471Z 	at org.gradle.internal.work.DefaultWorkerLeaseService.lambda$withLocksAcquired$0(DefaultWorkerLeaseService.java:280)
Test and build debug APK	Run unit tests	2026-08-18T18:16:06.7566066Z 	at org.gradle.internal.work.ResourceLockStatistics$1.measure(ResourceLockStatistics.java:43)
Test and build debug APK	Run unit tests	2026-08-18T18:16:06.7567887Z 	at org.gradle.internal.work.DefaultWorkerLeaseService.withLocksAcquired(DefaultWorkerLeaseService.java:278)
Test and build debug APK	Run unit tests	2026-08-18T18:16:06.7570151Z 	at org.gradle.internal.work.DefaultWorkerLeaseService.withLocks(DefaultWorkerLeaseService.java:270)
Test and build debug APK	Run unit tests	2026-08-18T18:16:06.7571961Z 	at org.gradle.internal.work.DefaultWorkerLeaseService.runAsWorkerThread(DefaultWorkerLeaseService.java:129)
Test and build debug APK	Run unit tests	2026-08-18T18:16:06.7573541Z 	at org.gradle.composite.internal.DefaultBuildController.doRun(DefaultBuildController.java:182)
Test and build debug APK	Run unit tests	2026-08-18T18:16:06.7575488Z 	at org.gradle.composite.internal.DefaultBuildController$BuildOpRunnable.lambda$run$0(DefaultBuildController.java:199)
Test and build debug APK	Run unit tests	2026-08-18T18:16:06.7577090Z 	at org.gradle.internal.operations.CurrentBuildOperationRef.with(CurrentBuildOperationRef.java:84)
Test and build debug APK	Run unit tests	2026-08-18T18:16:06.7578610Z 	at org.gradle.composite.internal.DefaultBuildController$BuildOpRunnable.run(DefaultBuildController.java:199)
Test and build debug APK	Run unit tests	2026-08-18T18:16:06.7580458Z 	at org.gradle.internal.concurrent.ExecutorPolicy$CatchAndRecordFailures.onExecute(ExecutorPolicy.java:64)
Test and build debug APK	Run unit tests	2026-08-18T18:16:06.7582077Z 	at org.gradle.internal.concurrent.AbstractManagedExecutor$1.run(AbstractManagedExecutor.java:47)
Test and build debug APK	Run unit tests	2026-08-18T18:16:06.7584677Z Caused by: org.gradle.api.internal.exceptions.MarkedVerificationException: There were failing tests. See the report at: file:///home/runner/work/AnimeVault/AnimeVault/app/build/reports/tests/testDebugUnitTest/index.html
Test and build debug APK	Run unit tests	2026-08-18T18:16:06.7586923Z 	at org.gradle.api.tasks.testing.AbstractTestTask.executeTests(AbstractTestTask.java:615)
Test and build debug APK	Run unit tests	2026-08-18T18:16:06.7588239Z 	at org.gradle.api.tasks.testing.Test.executeTests(Test.java:759)
Test and build debug APK	Run unit tests	2026-08-18T18:16:06.7589535Z 	at com.android.build.gradle.tasks.factory.AndroidUnitTest.executeTests(AndroidUnitTest.java:203)
Test and build debug APK	Run unit tests	2026-08-18T18:16:06.7591081Z 	at org.gradle.internal.reflect.JavaMethod.invoke(JavaMethod.java:125)
Test and build debug APK	Run unit tests	2026-08-18T18:16:06.7592444Z 	at org.gradle.api.internal.project.taskfactory.StandardTaskAction.doExecute(StandardTaskAction.java:58)
Test and build debug APK	Run unit tests	2026-08-18T18:16:06.7594061Z 	at org.gradle.api.internal.project.taskfactory.StandardTaskAction.execute(StandardTaskAction.java:51)
Test and build debug APK	Run unit tests	2026-08-18T18:16:06.7595451Z 	at org.gradle.api.internal.project.taskfactory.StandardTaskAction.execute(StandardTaskAction.java:29)
Test and build debug APK	Run unit tests	2026-08-18T18:16:06.7596893Z 	at org.gradle.api.internal.tasks.execution.TaskExecution$3.run(TaskExecution.java:259)
Test and build debug APK	Run unit tests	2026-08-18T18:16:06.7598189Z 	at org.gradle.internal.operations.DefaultBuildOperationRunner$1.execute(DefaultBuildOperationRunner.java:30)
Test and build debug APK	Run unit tests	2026-08-18T18:16:06.7599580Z 	at org.gradle.internal.operations.DefaultBuildOperationRunner$1.execute(DefaultBuildOperationRunner.java:27)
Test and build debug APK	Run unit tests	2026-08-18T18:16:06.7601234Z 	at org.gradle.internal.operations.DefaultBuildOperationRunner$2.execute(DefaultBuildOperationRunner.java:67)
Test and build debug APK	Run unit tests	2026-08-18T18:16:06.7602593Z 	at org.gradle.internal.operations.DefaultBuildOperationRunner$2.execute(DefaultBuildOperationRunner.java:60)
Test and build debug APK	Run unit tests	2026-08-18T18:16:06.7603960Z 	at org.gradle.internal.operations.DefaultBuildOperationRunner.execute(DefaultBuildOperationRunner.java:167)
Test and build debug APK	Run unit tests	2026-08-18T18:16:06.7605329Z 	at org.gradle.internal.operations.DefaultBuildOperationRunner.execute(DefaultBuildOperationRunner.java:60)
Test and build debug APK	Run unit tests	2026-08-18T18:16:06.7606690Z 	at org.gradle.internal.operations.DefaultBuildOperationRunner.run(DefaultBuildOperationRunner.java:48)
Test and build debug APK	Run unit tests	2026-08-18T18:16:06.7607950Z 	at org.gradle.api.internal.tasks.execution.TaskExecution.executeAction(TaskExecution.java:244)
Test and build debug APK	Run unit tests	2026-08-18T18:16:06.7609154Z 	at org.gradle.api.internal.tasks.execution.TaskExecution.executeActions(TaskExecution.java:227)
Test and build debug APK	Run unit tests	2026-08-18T18:16:06.7610672Z 	at org.gradle.api.internal.tasks.execution.TaskExecution.executeWithPreviousOutputFiles(TaskExecution.java:210)
Test and build debug APK	Run unit tests	2026-08-18T18:16:06.7611978Z 	at org.gradle.api.internal.tasks.execution.TaskExecution.execute(TaskExecution.java:176)
Test and build debug APK	Run unit tests	2026-08-18T18:16:06.7613097Z 	at org.gradle.internal.execution.steps.ExecuteStep.executeInternal(ExecuteStep.java:167)
Test and build debug APK	Run unit tests	2026-08-18T18:16:06.7614169Z 	at org.gradle.internal.execution.steps.ExecuteStep.access$000(ExecuteStep.java:47)
Test and build debug APK	Run unit tests	2026-08-18T18:16:06.7615176Z 	at org.gradle.internal.execution.steps.ExecuteStep$1.call(ExecuteStep.java:137)
Test and build debug APK	Run unit tests	2026-08-18T18:16:06.7616171Z 	at org.gradle.internal.execution.steps.ExecuteStep$1.call(ExecuteStep.java:134)
Test and build debug APK	Run unit tests	2026-08-18T18:16:06.7617524Z 	at org.gradle.internal.operations.DefaultBuildOperationRunner$CallableBuildOperationWorker.execute(DefaultBuildOperationRunner.java:210)
Test and build debug APK	Run unit tests	2026-08-18T18:16:06.7619233Z 	at org.gradle.internal.operations.DefaultBuildOperationRunner$CallableBuildOperationWorker.execute(DefaultBuildOperationRunner.java:205)
Test and build debug APK	Run unit tests	2026-08-18T18:16:06.7621052Z 	at org.gradle.internal.operations.DefaultBuildOperationRunner$2.execute(DefaultBuildOperationRunner.java:67)
Test and build debug APK	Run unit tests	2026-08-18T18:16:06.7622413Z 	at org.gradle.internal.operations.DefaultBuildOperationRunner$2.execute(DefaultBuildOperationRunner.java:60)
Test and build debug APK	Run unit tests	2026-08-18T18:16:06.7623784Z 	at org.gradle.internal.operations.DefaultBuildOperationRunner.execute(DefaultBuildOperationRunner.java:167)
Test and build debug APK	Run unit tests	2026-08-18T18:16:06.7625149Z 	at org.gradle.internal.operations.DefaultBuildOperationRunner.execute(DefaultBuildOperationRunner.java:60)
Test and build debug APK	Run unit tests	2026-08-18T18:16:06.7626721Z 	at org.gradle.internal.operations.DefaultBuildOperationRunner.call(DefaultBuildOperationRunner.java:54)
Test and build debug APK	Run unit tests	2026-08-18T18:16:06.7627925Z 	at org.gradle.internal.execution.steps.ExecuteStep.execute(ExecuteStep.java:134)
Test and build debug APK	Run unit tests	2026-08-18T18:16:06.7628977Z 	at org.gradle.internal.execution.steps.ExecuteStep$Mutable.execute(ExecuteStep.java:80)
Test and build debug APK	Run unit tests	2026-08-18T18:16:06.7630313Z 	at org.gradle.internal.execution.steps.CancelExecutionStep.execute(CancelExecutionStep.java:42)
Test and build debug APK	Run unit tests	2026-08-18T18:16:06.7634115Z 	at org.gradle.internal.execution.steps.TimeoutStep.executeWithoutTimeout(TimeoutStep.java:75)
Test and build debug APK	Run unit tests	2026-08-18T18:16:06.7636030Z 	at org.gradle.internal.execution.steps.TimeoutStep.execute(TimeoutStep.java:55)
Test and build debug APK	Run unit tests	2026-08-18T18:16:06.7637645Z 	at org.gradle.internal.execution.steps.PreCreateOutputParentsStep.execute(PreCreateOutputParentsStep.java:51)
Test and build debug APK	Run unit tests	2026-08-18T18:16:06.7639474Z 	at org.gradle.internal.execution.steps.PreCreateOutputParentsStep.execute(PreCreateOutputParentsStep.java:29)
Test and build debug APK	Run unit tests	2026-08-18T18:16:06.7641554Z 	at org.gradle.internal.execution.steps.RemovePreviousOutputsStep.executeMutable(RemovePreviousOutputsStep.java:67)
Test and build debug APK	Run unit tests	2026-08-18T18:16:06.7643682Z 	at org.gradle.internal.execution.steps.RemovePreviousOutputsStep.executeMutable(RemovePreviousOutputsStep.java:39)
Test and build debug APK	Run unit tests	2026-08-18T18:16:06.7645241Z 	at org.gradle.internal.execution.steps.MutableStep.execute(MutableStep.java:26)
Test and build debug APK	Run unit tests	2026-08-18T18:16:06.7646755Z 	at org.gradle.internal.execution.steps.BroadcastChangingOutputsStep.execute(BroadcastChangingOutputsStep.java:42)
Test and build debug APK	Run unit tests	2026-08-18T18:16:06.7648545Z 	at org.gradle.internal.execution.steps.BroadcastChangingOutputsStep.execute(BroadcastChangingOutputsStep.java:24)
Test and build debug APK	Run unit tests	2026-08-18T18:16:06.7650600Z 	at org.gradle.internal.execution.steps.CaptureOutputsAfterExecutionStep.execute(CaptureOutputsAfterExecutionStep.java:69)
Test and build debug APK	Run unit tests	2026-08-18T18:16:06.7652562Z 	at org.gradle.internal.execution.steps.CaptureOutputsAfterExecutionStep.execute(CaptureOutputsAfterExecutionStep.java:46)
Test and build debug APK	Run unit tests	2026-08-18T18:16:06.7654970Z 	at org.gradle.internal.execution.steps.ResolveInputChangesStep.executeMutable(ResolveInputChangesStep.java:39)
Test and build debug APK	Run unit tests	2026-08-18T18:16:06.7656947Z 	at org.gradle.internal.execution.steps.ResolveInputChangesStep.executeMutable(ResolveInputChangesStep.java:28)
Test and build debug APK	Run unit tests	2026-08-18T18:16:06.7658542Z 	at org.gradle.internal.execution.steps.MutableStep.execute(MutableStep.java:26)
Test and build debug APK	Run unit tests	2026-08-18T18:16:06.7660257Z 	at org.gradle.internal.execution.steps.BuildCacheStep.executeWithoutCache(BuildCacheStep.java:189)
Test and build debug APK	Run unit tests	2026-08-18T18:16:06.7661901Z 	at org.gradle.internal.execution.steps.BuildCacheStep.executeAndStoreInCache(BuildCacheStep.java:145)
Test and build debug APK	Run unit tests	2026-08-18T18:16:06.7663574Z 	at org.gradle.internal.execution.steps.BuildCacheStep.lambda$executeWithCache$4(BuildCacheStep.java:104)
Test and build debug APK	Run unit tests	2026-08-18T18:16:06.7665175Z 	at org.gradle.internal.execution.steps.BuildCacheStep.lambda$executeWithCache$5(BuildCacheStep.java:104)
Test and build debug APK	Run unit tests	2026-08-18T18:16:06.7666428Z 	at org.gradle.internal.Try$Success.map(Try.java:170)
Test and build debug APK	Run unit tests	2026-08-18T18:16:06.7667592Z 	at org.gradle.internal.execution.steps.BuildCacheStep.executeWithCache(BuildCacheStep.java:88)
Test and build debug APK	Run unit tests	2026-08-18T18:16:06.7669068Z 	at org.gradle.internal.execution.steps.BuildCacheStep.lambda$execute$0(BuildCacheStep.java:75)
Test and build debug APK	Run unit tests	2026-08-18T18:16:06.7670494Z 	at org.gradle.internal.Either$Left.fold(Either.java:116)
Test and build debug APK	Run unit tests	2026-08-18T18:16:06.7671508Z 	at org.gradle.internal.execution.caching.CachingState.fold(CachingState.java:62)
Test and build debug APK	Run unit tests	2026-08-18T18:16:06.7672771Z 	at org.gradle.internal.execution.steps.BuildCacheStep.execute(BuildCacheStep.java:74)
Test and build debug APK	Run unit tests	2026-08-18T18:16:06.7674058Z 	at org.gradle.internal.execution.steps.BuildCacheStep.execute(BuildCacheStep.java:49)
Test and build debug APK	Run unit tests	2026-08-18T18:16:06.7675756Z 	at org.gradle.internal.execution.steps.StoreExecutionStateStep.executeMutable(StoreExecutionStateStep.java:46)
Test and build debug APK	Run unit tests	2026-08-18T18:16:06.7677714Z 	at org.gradle.internal.execution.steps.StoreExecutionStateStep.executeMutable(StoreExecutionStateStep.java:35)
Test and build debug APK	Run unit tests	2026-08-18T18:16:06.7679219Z 	at org.gradle.internal.execution.steps.MutableStep.execute(MutableStep.java:26)
Test and build debug APK	Run unit tests	2026-08-18T18:16:06.7681129Z 	at org.gradle.internal.execution.steps.SkipUpToDateStep.executeBecause(SkipUpToDateStep.java:75)
Test and build debug APK	Run unit tests	2026-08-18T18:16:06.7682702Z 	at org.gradle.internal.execution.steps.SkipUpToDateStep.lambda$execute$2(SkipUpToDateStep.java:53)
Test and build debug APK	Run unit tests	2026-08-18T18:16:06.7684160Z 	at org.gradle.internal.execution.steps.SkipUpToDateStep.execute(SkipUpToDateStep.java:53)
Test and build debug APK	Run unit tests	2026-08-18T18:16:06.7685510Z 	at org.gradle.internal.execution.steps.SkipUpToDateStep.execute(SkipUpToDateStep.java:35)
Test and build debug APK	Run unit tests	2026-08-18T18:16:06.7687326Z 	at org.gradle.internal.execution.steps.legacy.MarkSnapshottingInputsFinishedStep.execute(MarkSnapshottingInputsFinishedStep.java:37)
Test and build debug APK	Run unit tests	2026-08-18T18:16:06.7689651Z 	at org.gradle.internal.execution.steps.legacy.MarkSnapshottingInputsFinishedStep.execute(MarkSnapshottingInputsFinishedStep.java:27)
Test and build debug APK	Run unit tests	2026-08-18T18:16:06.7692092Z 	at org.gradle.internal.execution.steps.ResolveMutableCachingStateStep.executeDelegate(ResolveMutableCachingStateStep.java:70)
Test and build debug APK	Run unit tests	2026-08-18T18:16:06.7694039Z 	at org.gradle.internal.execution.steps.ResolveMutableCachingStateStep.executeDelegate(ResolveMutableCachingStateStep.java:32)
Test and build debug APK	Run unit tests	2026-08-18T18:16:06.7696303Z 	at org.gradle.internal.execution.steps.AbstractResolveCachingStateStep.execute(AbstractResolveCachingStateStep.java:69)
Test and build debug APK	Run unit tests	2026-08-18T18:16:06.7698251Z 	at org.gradle.internal.execution.steps.AbstractResolveCachingStateStep.execute(AbstractResolveCachingStateStep.java:37)
Test and build debug APK	Run unit tests	2026-08-18T18:16:06.7700286Z 	at org.gradle.internal.execution.steps.ResolveChangesStep.executeMutable(ResolveChangesStep.java:63)
Test and build debug APK	Run unit tests	2026-08-18T18:16:06.7701920Z 	at org.gradle.internal.execution.steps.ResolveChangesStep.executeMutable(ResolveChangesStep.java:34)
Test and build debug APK	Run unit tests	2026-08-18T18:16:06.7703341Z 	at org.gradle.internal.execution.steps.MutableStep.execute(MutableStep.java:26)
Test and build debug APK	Run unit tests	2026-08-18T18:16:06.7704709Z 	at org.gradle.internal.execution.steps.ValidateStep$Mutable.executeDelegate(ValidateStep.java:79)
Test and build debug APK	Run unit tests	2026-08-18T18:16:06.7706177Z 	at org.gradle.internal.execution.steps.ValidateStep$Mutable.executeDelegate(ValidateStep.java:65)
Test and build debug APK	Run unit tests	2026-08-18T18:16:06.7707544Z 	at org.gradle.internal.execution.steps.ValidateStep.execute(ValidateStep.java:99)
Test and build debug APK	Run unit tests	2026-08-18T18:16:06.7708853Z 	at org.gradle.internal.execution.steps.ValidateStep$Mutable.execute(ValidateStep.java:65)
Test and build debug APK	Run unit tests	2026-08-18T18:16:06.7710905Z 	at org.gradle.internal.execution.steps.CaptureMutableStateBeforeExecutionStep.executeMutable(CaptureMutableStateBeforeExecutionStep.java:86)
Test and build debug APK	Run unit tests	2026-08-18T18:16:06.7713709Z 	at org.gradle.internal.execution.steps.CaptureMutableStateBeforeExecutionStep.execute(CaptureMutableStateBeforeExecutionStep.java:65)
Test and build debug APK	Run unit tests	2026-08-18T18:16:06.7715773Z 	at org.gradle.internal.execution.steps.CaptureMutableStateBeforeExecutionStep.execute(CaptureMutableStateBeforeExecutionStep.java:45)
Test and build debug APK	Run unit tests	2026-08-18T18:16:06.7717801Z 	at org.gradle.internal.execution.steps.SkipEmptyMutableWorkStep.executeWithNonEmptySources(SkipEmptyMutableWorkStep.java:210)
Test and build debug APK	Run unit tests	2026-08-18T18:16:06.7719645Z 	at org.gradle.internal.execution.steps.SkipEmptyMutableWorkStep.executeMutable(SkipEmptyMutableWorkStep.java:90)
Test and build debug APK	Run unit tests	2026-08-18T18:16:06.7721773Z 	at org.gradle.internal.execution.steps.SkipEmptyMutableWorkStep.executeMutable(SkipEmptyMutableWorkStep.java:53)
Test and build debug APK	Run unit tests	2026-08-18T18:16:06.7723369Z 	at org.gradle.internal.execution.steps.MutableStep.execute(MutableStep.java:26)
Test and build debug APK	Run unit tests	2026-08-18T18:16:06.7725044Z 	at org.gradle.internal.execution.steps.legacy.MarkSnapshottingInputsStartedStep.execute(MarkSnapshottingInputsStartedStep.java:38)
Test and build debug APK	Run unit tests	2026-08-18T18:16:06.7727101Z 	at org.gradle.internal.execution.steps.LoadPreviousExecutionStateStep.executeMutable(LoadPreviousExecutionStateStep.java:36)
Test and build debug APK	Run unit tests	2026-08-18T18:16:06.7729095Z 	at org.gradle.internal.execution.steps.LoadPreviousExecutionStateStep.executeMutable(LoadPreviousExecutionStateStep.java:23)
Test and build debug APK	Run unit tests	2026-08-18T18:16:06.7731054Z 	at org.gradle.internal.execution.steps.MutableStep.execute(MutableStep.java:26)
Test and build debug APK	Run unit tests	2026-08-18T18:16:06.7732663Z 	at org.gradle.internal.execution.steps.HandleStaleOutputsStep.executeMutable(HandleStaleOutputsStep.java:77)
Test and build debug APK	Run unit tests	2026-08-18T18:16:06.7734480Z 	at org.gradle.internal.execution.steps.HandleStaleOutputsStep.executeMutable(HandleStaleOutputsStep.java:43)
Test and build debug APK	Run unit tests	2026-08-18T18:16:06.7736787Z 	at org.gradle.internal.execution.steps.MutableStep.execute(MutableStep.java:26)
Test and build debug APK	Run unit tests	2026-08-18T18:16:06.7738395Z 	at org.gradle.internal.execution.steps.AssignMutableWorkspaceStep.lambda$executeMutable$0(AssignMutableWorkspaceStep.java:34)
Test and build debug APK	Run unit tests	2026-08-18T18:16:06.7740304Z 	at org.gradle.api.internal.tasks.execution.TaskExecution$4.withWorkspace(TaskExecution.java:305)
Test and build debug APK	Run unit tests	2026-08-18T18:16:06.7741964Z 	at org.gradle.internal.execution.steps.AssignMutableWorkspaceStep.executeMutable(AssignMutableWorkspaceStep.java:30)
Test and build debug APK	Run unit tests	2026-08-18T18:16:06.7743839Z 	at org.gradle.internal.execution.steps.AssignMutableWorkspaceStep.executeMutable(AssignMutableWorkspaceStep.java:21)
Test and build debug APK	Run unit tests	2026-08-18T18:16:06.7745403Z 	at org.gradle.internal.execution.steps.MutableStep.execute(MutableStep.java:26)
Test and build debug APK	Run unit tests	2026-08-18T18:16:06.7746750Z 	at org.gradle.internal.execution.steps.ChoosePipelineStep.execute(ChoosePipelineStep.java:40)
Test and build debug APK	Run unit tests	2026-08-18T18:16:06.7748208Z 	at org.gradle.internal.execution.steps.ChoosePipelineStep.execute(ChoosePipelineStep.java:23)
Test and build debug APK	Run unit tests	2026-08-18T18:16:06.7750440Z 	at org.gradle.internal.execution.steps.ExecuteWorkBuildOperationFiringStep.lambda$execute$2(ExecuteWorkBuildOperationFiringStep.java:67)
Test and build debug APK	Run unit tests	2026-08-18T18:16:06.7752642Z 	at org.gradle.internal.execution.steps.ExecuteWorkBuildOperationFiringStep.execute(ExecuteWorkBuildOperationFiringStep.java:67)
Test and build debug APK	Run unit tests	2026-08-18T18:16:06.7754708Z 	at org.gradle.internal.execution.steps.ExecuteWorkBuildOperationFiringStep.execute(ExecuteWorkBuildOperationFiringStep.java:39)
Test and build debug APK	Run unit tests	2026-08-18T18:16:06.7756528Z 	at org.gradle.internal.execution.steps.IdentityCacheStep.execute(IdentityCacheStep.java:46)
Test and build debug APK	Run unit tests	2026-08-18T18:16:06.7757942Z 	at org.gradle.internal.execution.steps.IdentityCacheStep.execute(IdentityCacheStep.java:34)
Test and build debug APK	Run unit tests	2026-08-18T18:16:06.7759317Z 	at org.gradle.internal.execution.steps.IdentifyStep.execute(IdentifyStep.java:56)
Test and build debug APK	Run unit tests	2026-08-18T18:16:06.7760878Z 	at org.gradle.internal.execution.steps.IdentifyStep.execute(IdentifyStep.java:38)
Test and build debug APK	Run unit tests	2026-08-18T18:16:06.7762314Z 	at org.gradle.internal.execution.impl.DefaultExecutionEngine$1.execute(DefaultExecutionEngine.java:68)
Test and build debug APK	Run unit tests	2026-08-18T18:16:06.7764074Z 	at org.gradle.api.internal.tasks.execution.ExecuteActionsTaskExecuter.executeIfValid(ExecuteActionsTaskExecuter.java:132)
Test and build debug APK	Run unit tests	2026-08-18T18:16:06.7765325Z 	... 60 more
Test and build debug APK	Run unit tests	2026-08-18T18:16:06.7765679Z 
Test and build debug APK	Run unit tests	2026-08-18T18:16:06.7765827Z 
Test and build debug APK	Run unit tests	2026-08-18T18:16:06.7766138Z BUILD FAILED in 4m 30s
Test and build debug APK	Run unit tests	2026-08-18T18:16:06.8063213Z Configuration cache entry stored.
Test and build debug APK	Run unit tests	2026-08-18T18:16:07.2615821Z ##[error]Process completed with exit code 1.
